2026-09-30T22:09:09.393910Z  INFO tailwindcss_oxide::scanner: Provided sources:
2026-09-30T22:09:09.395000Z  INFO tailwindcss_oxide::scanner: Source: PublicSourceEntry { base: "C:\\Users\\onash\\Documents\\Project\\NGX pulse\\ngx-pulse", pattern: "**/*", negated: false }
2026-09-30T22:09:09.396658Z  INFO tailwindcss_oxide::scanner: Optimized sources:
2026-09-30T22:09:09.396714Z  INFO tailwindcss_oxide::scanner: Source: Auto { base: "C:\\Users\\onash\\Documents\\Project\\NGX pulse\\ngx-pulse" }
2026-09-30T22:09:09.399475Z  INFO discover_sources: tailwindcss_oxide::scanner: enter
2026-09-30T22:09:09.399802Z  INFO discover_sources:walk_synchronous: tailwindcss_oxide::scanner: enter
2026-09-30T22:09:09.415213Z  INFO discover_sources:walk_synchronous: tailwindcss_oxide::scanner: exit
2026-09-30T22:09:09.416941Z  INFO tailwindcss_oxide::scanner: Reading "C:\\Users\\onash\\Documents\\Project\\NGX pulse\\ngx-pulse\\src\\components\\SummaryPanel.tsx"
2026-09-30T22:09:09.416967Z  INFO tailwindcss_oxide::scanner: Reading "C:\\Users\\onash\\Documents\\Project\\NGX pulse\\ngx-pulse\\postcss.config.mjs"
2026-09-30T22:09:09.416941Z  INFO tailwindcss_oxide::scanner: Reading "C:\\Users\\onash\\Documents\\Project\\NGX pulse\\ngx-pulse\\.github\\workflows\\daily-scrape.yml"
2026-09-30T22:09:09.417026Z  INFO tailwindcss_oxide::scanner: Reading "C:\\Users\\onash\\Documents\\Project\\NGX pulse\\ngx-pulse\\src\\app\\page.tsx"
2026-09-30T22:09:09.416980Z  INFO tailwindcss_oxide::scanner: Reading "C:\\Users\\onash\\Documents\\Project\\NGX pulse\\ngx-pulse\\src\\app\\api\\query\\route.ts"
2026-09-30T22:09:09.416941Z  INFO tailwindcss_oxide::scanner: Reading "C:\\Users\\onash\\Documents\\Project\\NGX pulse\\ngx-pulse\\src\\components\\FilterBar.tsx"
2026-09-30T22:09:09.417196Z  INFO tailwindcss_oxide::scanner: Reading "C:\\Users\\onash\\Documents\\Project\\NGX pulse\\ngx-pulse\\python\\scraper.py"
2026-09-30T22:09:09.417228Z  INFO tailwindcss_oxide::scanner: Reading "C:\\Users\\onash\\Documents\\Project\\NGX pulse\\ngx-pulse\\src\\lib\\analytics.ts"
2026-09-30T22:09:09.417264Z  INFO tailwindcss_oxide::scanner: Reading "C:\\Users\\onash\\Documents\\Project\\NGX pulse\\ngx-pulse\\src\\app\\stock\\[ticker]\\page.tsx"
2026-09-30T22:09:09.417228Z  INFO tailwindcss_oxide::scanner: Reading "C:\\Users\\onash\\Documents\\Project\\NGX pulse\\ngx-pulse\\.netlify\\netlify.toml"
2026-09-30T22:09:09.417308Z  INFO tailwindcss_oxide::scanner: Reading "C:\\Users\\onash\\Documents\\Project\\NGX pulse\\ngx-pulse\\src\\app\\layout.tsx"
2026-09-30T22:09:09.417319Z  INFO tailwindcss_oxide::scanner: Reading "C:\\Users\\onash\\Documents\\Project\\NGX pulse\\ngx-pulse\\src\\components\\Header.tsx"
2026-09-30T22:09:09.417319Z  INFO tailwindcss_oxide::scanner: Reading "C:\\Users\\onash\\Documents\\Project\\NGX pulse\\ngx-pulse\\src\\components\\QueryPanel.tsx"
2026-09-30T22:09:09.417384Z  INFO tailwindcss_oxide::scanner: Reading "C:\\Users\\onash\\Documents\\Project\\NGX pulse\\ngx-pulse\\requirements.txt"
2026-09-30T22:09:09.417450Z  INFO tailwindcss_oxide::scanner: Reading "C:\\Users\\onash\\Documents\\Project\\NGX pulse\\ngx-pulse\\src\\lib\\queryEngine.ts"
2026-09-30T22:09:09.417488Z  INFO tailwindcss_oxide::scanner: Reading "C:\\Users\\onash\\Documents\\Project\\NGX pulse\\ngx-pulse\\.netlify\\plugins\\package.json"
2026-09-30T22:09:09.417524Z  INFO tailwindcss_oxide::scanner: Reading "C:\\Users\\onash\\Documents\\Project\\NGX pulse\\ngx-pulse\\src\\components\\PriceChart.tsx"
2026-09-30T22:09:09.417470Z  INFO tailwindcss_oxide::scanner: Reading "C:\\Users\\onash\\Documents\\Project\\NGX pulse\\ngx-pulse\\ARCHITECTURE.md"
2026-09-30T22:09:09.417577Z  INFO tailwindcss_oxide::scanner: Reading "C:\\Users\\onash\\Documents\\Project\\NGX pulse\\ngx-pulse\\supabase\\schema.sql"
2026-09-30T22:09:09.417573Z  INFO tailwindcss_oxide::scanner: Reading "C:\\Users\\onash\\Documents\\Project\\NGX pulse\\ngx-pulse\\src\\components\\ScreenerTable.tsx"
2026-09-30T22:09:09.417535Z  INFO tailwindcss_oxide::scanner: Reading "C:\\Users\\onash\\Documents\\Project\\NGX pulse\\ngx-pulse\\src\\lib\\supabase.ts"
2026-09-30T22:09:09.417641Z  INFO tailwindcss_oxide::scanner: Reading "C:\\Users\\onash\\Documents\\Project\\NGX pulse\\ngx-pulse\\next.config.ts"
2026-09-30T22:09:09.417678Z  INFO tailwindcss_oxide::scanner: Reading "C:\\Users\\onash\\Documents\\Project\\NGX pulse\\ngx-pulse\\src\\components\\StatusBadge.tsx"
2026-09-30T22:09:09.417809Z  INFO tailwindcss_oxide::scanner: Reading "C:\\Users\\onash\\Documents\\Project\\NGX pulse\\ngx-pulse\\tsconfig.json"
2026-09-30T22:09:09.417796Z  INFO tailwindcss_oxide::scanner: Reading "C:\\Users\\onash\\Documents\\Project\\NGX pulse\\ngx-pulse\\package.json"
2026-09-30T22:09:09.417720Z  INFO tailwindcss_oxide::scanner: Reading "C:\\Users\\onash\\Documents\\Project\\NGX pulse\\ngx-pulse\\src\\lib\\types.ts"
2026-09-30T22:09:09.418814Z  INFO discover_sources: tailwindcss_oxide::scanner: exit
2026-09-30T22:09:09.418876Z  INFO extract_candidates: tailwindcss_oxide::scanner: enter
2026-09-30T22:09:09.418898Z  INFO extract_candidates:parse_all_blobs: tailwindcss_oxide::scanner: enter
2026-09-30T22:09:09.418920Z  INFO extract_candidates:parse_all_blobs:extract: tailwindcss_oxide::scanner: enter
2026-09-30T22:09:09.420963Z  INFO extract_candidates:parse_all_blobs:extract: tailwindcss_oxide::scanner: exit
2026-09-30T22:09:09.421025Z  INFO extract_candidates:parse_all_blobs: tailwindcss_oxide::scanner: exit
2026-09-30T22:09:09.421063Z  INFO extract_candidates:read_all_files: tailwindcss_oxide::scanner: enter
2026-09-30T22:09:09.421081Z  INFO extract_candidates:read_all_files: tailwindcss_oxide::scanner: Reading 1 file(s)
2026-09-30T22:09:09.421326Z  INFO extract_candidates:read_all_files: tailwindcss_oxide::scanner: Reading "C:\\Users\\onash\\Documents\\Project\\NGX pulse\\ngx-pulse\\src\\app\\globals.css"
2026-09-30T22:09:09.421348Z  INFO extract_candidates:read_all_files: tailwindcss_oxide::scanner: exit
2026-09-30T22:09:09.421358Z  INFO extract_candidates:extract_css_variables: tailwindcss_oxide::scanner: enter
2026-09-30T22:09:09.421374Z  INFO extract_candidates:extract_css_variables:extract: tailwindcss_oxide::scanner: enter
2026-09-30T22:09:09.421512Z  INFO extract_candidates:extract_css_variables:extract: tailwindcss_oxide::scanner: exit
2026-09-30T22:09:09.421542Z  INFO extract_candidates:extract_css_variables: tailwindcss_oxide::scanner: exit
2026-09-30T22:09:09.422020Z  INFO extract_candidates: tailwindcss_oxide::scanner: exit
2026-09-30T22:09:09.423175Z  INFO get_files: tailwindcss_oxide::scanner: enter
2026-09-30T22:09:09.423214Z  INFO get_files:discover_sources: tailwindcss_oxide::scanner: enter
2026-09-30T22:09:09.423227Z  INFO get_files:discover_sources: tailwindcss_oxide::scanner: exit
2026-09-30T22:09:09.423484Z  INFO get_files: tailwindcss_oxide::scanner: exit
2026-09-30T22:09:09.424024Z  INFO get_globs: tailwindcss_oxide::scanner: enter
2026-09-30T22:09:09.424047Z  INFO get_globs:discover_sources: tailwindcss_oxide::scanner: enter
2026-09-30T22:09:09.424058Z  INFO get_globs:discover_sources: tailwindcss_oxide::scanner: exit
2026-09-30T22:09:09.436316Z  INFO get_globs: tailwindcss_oxide::scanner: exit
